// Jest Snapshot v1, https://goo.gl/fbAQLP

exports[`<HeaderContainer /> should match the snapshot of HeaderContainer 1`] = `
<div
  className="sc-bdVaJa jKTdSj"
>
  <p>
    I'm Nathan Thomas, a
     
    <a
      href="https://github.com/nwthomas"
    >
      software engineer
    </a>
     living in San Francisco and working at 
    <a
      href="https://twitter.com/"
    >
      Twitter
    </a>
    . Let's 
    <a
      href="/contact"
      onClick={[Function]}
    >
      talk
    </a>
    .
  </p>
  <div
    className="sc-bwzfXH kLAFPo"
  >
    <div>
      <h4>
        Currently:
      </h4>
      <div>
        <a
          className="twitter-logo"
          href="https://twitter.com/"
        >
          <img
            alt="Twitter logo"
            data-testid="twitterLogo"
            src="twitter-logo-white.png"
          />
        </a>
      </div>
    </div>
    <div>
      <h4>
        Previously:
      </h4>
      <div>
        <a
          href="https://lambdaschool.com/"
        >
          <img
            alt="Current school logo"
            data-testid="schoolLogo"
            src="lambda-logo-white.png"
          />
        </a>
      </div>
    </div>
  </div>
</div>
`;
