// Jest Snapshot v1, https://goo.gl/fbAQLP

exports[`<SendingModal /> should match the snapshot of SendingModal 1`] = `
<div
  className="sc-AykKC jRUWhM"
>
  <div>
    <div
      className="sc-AykKD dXsVUQ"
    />
    <div
      className="sc-AykKE dzgBFK"
    />
    <div
      className="sc-AykKF hmgoQC"
    />
    <div
      className="sc-AykKG iexOPT"
    />
  </div>
  <p>
    Sending
  </p>
</div>
`;
