// Jest Snapshot v1, https://goo.gl/fbAQLP

exports[`<NavbarContainer /> matches the snapshot of NavbarContainer component 1`] = `
<div
  className="sc-AykKG dBglLC"
>
  <div
    className="sc-AykKD etFgRM"
  >
    <a
      href="/"
      onClick={[Function]}
    >
      <div
        className="sc-AykKC fhSaEQ"
      >
        <div>
          <p>
            N
          </p>
        </div>
      </div>
    </a>
    <nav
      className="sc-AykKE kICkQy"
    >
      <div
        className="sc-AykKF UbpaU"
        data-testid="darkmodeTab"
        onClick={[Function]}
      >
        <div>
          <img
            alt="Dark mode logo"
            src="moon.svg"
          />
        </div>
      </div>
      <a
        href="#featured-work"
      >
        Work
      </a>
      <a
        aria-current={null}
        href="/contact"
        onClick={[Function]}
      >
        Contact
      </a>
    </nav>
  </div>
</div>
`;
